
71. Executing CHECK pass (checking for obvious problems).
Checking module cdc_2phase_clearable$croc_chip.i_croc_soc.i_croc.i_dmi_jtag.i_dmi_cdc.i_cdc_req...
Checking module cdc_2phase_clearable$croc_chip.i_croc_soc.i_croc.i_dmi_jtag.i_dmi_cdc.i_cdc_resp...
Checking module cdc_2phase_dst_clearable$croc_chip.i_croc_soc.i_croc.i_dmi_jtag.i_dmi_cdc.i_cdc_req.i_dst...
Checking module cdc_2phase_dst_clearable$croc_chip.i_croc_soc.i_croc.i_dmi_jtag.i_dmi_cdc.i_cdc_resp.i_dst...
Checking module cdc_2phase_src_clearable$croc_chip.i_croc_soc.i_croc.i_dmi_jtag.i_dmi_cdc.i_cdc_req.i_src...
Checking module cdc_2phase_src_clearable$croc_chip.i_croc_soc.i_croc.i_dmi_jtag.i_dmi_cdc.i_cdc_resp.i_src...
Checking module cdc_4phase_dst$croc_chip.i_croc_soc.i_croc.i_dmi_jtag.i_dmi_cdc.i_cdc_req.i_cdc_reset_ctrlr.i_cdc_reset_ctrlr_half_a.i_state_transition_cdc_dst...
Checking module cdc_4phase_dst$croc_chip.i_croc_soc.i_croc.i_dmi_jtag.i_dmi_cdc.i_cdc_req.i_cdc_reset_ctrlr.i_cdc_reset_ctrlr_half_b.i_state_transition_cdc_dst...
Checking module cdc_4phase_dst$croc_chip.i_croc_soc.i_croc.i_dmi_jtag.i_dmi_cdc.i_cdc_resp.i_cdc_reset_ctrlr.i_cdc_reset_ctrlr_half_a.i_state_transition_cdc_dst...
Checking module cdc_4phase_dst$croc_chip.i_croc_soc.i_croc.i_dmi_jtag.i_dmi_cdc.i_cdc_resp.i_cdc_reset_ctrlr.i_cdc_reset_ctrlr_half_b.i_state_transition_cdc_dst...
Checking module cdc_4phase_src$croc_chip.i_croc_soc.i_croc.i_dmi_jtag.i_dmi_cdc.i_cdc_req.i_cdc_reset_ctrlr.i_cdc_reset_ctrlr_half_a.i_state_transition_cdc_src...
Checking module cdc_4phase_src$croc_chip.i_croc_soc.i_croc.i_dmi_jtag.i_dmi_cdc.i_cdc_req.i_cdc_reset_ctrlr.i_cdc_reset_ctrlr_half_b.i_state_transition_cdc_src...
Checking module cdc_4phase_src$croc_chip.i_croc_soc.i_croc.i_dmi_jtag.i_dmi_cdc.i_cdc_resp.i_cdc_reset_ctrlr.i_cdc_reset_ctrlr_half_a.i_state_transition_cdc_src...
Checking module cdc_4phase_src$croc_chip.i_croc_soc.i_croc.i_dmi_jtag.i_dmi_cdc.i_cdc_resp.i_cdc_reset_ctrlr.i_cdc_reset_ctrlr_half_b.i_state_transition_cdc_src...
Checking module cdc_reset_ctrlr$croc_chip.i_croc_soc.i_croc.i_dmi_jtag.i_dmi_cdc.i_cdc_req.i_cdc_reset_ctrlr...
Checking module cdc_reset_ctrlr$croc_chip.i_croc_soc.i_croc.i_dmi_jtag.i_dmi_cdc.i_cdc_resp.i_cdc_reset_ctrlr...
Checking module cdc_reset_ctrlr_half$croc_chip.i_croc_soc.i_croc.i_dmi_jtag.i_dmi_cdc.i_cdc_req.i_cdc_reset_ctrlr.i_cdc_reset_ctrlr_half_a...
Checking module cdc_reset_ctrlr_half$croc_chip.i_croc_soc.i_croc.i_dmi_jtag.i_dmi_cdc.i_cdc_req.i_cdc_reset_ctrlr.i_cdc_reset_ctrlr_half_b...
Checking module cdc_reset_ctrlr_half$croc_chip.i_croc_soc.i_croc.i_dmi_jtag.i_dmi_cdc.i_cdc_resp.i_cdc_reset_ctrlr.i_cdc_reset_ctrlr_half_a...
Checking module cdc_reset_ctrlr_half$croc_chip.i_croc_soc.i_croc.i_dmi_jtag.i_dmi_cdc.i_cdc_resp.i_cdc_reset_ctrlr.i_cdc_reset_ctrlr_half_b...
Checking module core_wrap$croc_chip.i_croc_soc.i_croc.i_core_wrap...
Checking module croc_chip...
Checking module croc_domain$croc_chip.i_croc_soc.i_croc...
Checking module croc_soc$croc_chip.i_croc_soc...
Checking module cve2_cs_registers$croc_chip.i_croc_soc.i_croc.i_core_wrap.i_ibex.cs_registers_i...
Checking module cve2_register_file_ff$croc_chip.i_croc_soc.i_croc.i_core_wrap.i_ibex.register_file_i...
Checking module dm_top$croc_chip.i_croc_soc.i_croc.i_dm_top.i_dm_top...
Checking module dmi_jtag$croc_chip.i_croc_soc.i_croc.i_dmi_jtag...
Checking module gpio$croc_chip.i_croc_soc.i_croc.i_gpio...
Checking module soc_ctrl_reg_top$croc_chip.i_croc_soc.i_croc.i_soc_ctrl...
Checking module sync$croc_chip.i_croc_soc.i_croc.i_dmi_jtag.i_dmi_cdc.i_cdc_req.i_cdc_reset_ctrlr.i_cdc_reset_ctrlr_half_a.i_state_transition_cdc_dst.i_sync...
Checking module sync$croc_chip.i_croc_soc.i_croc.i_dmi_jtag.i_dmi_cdc.i_cdc_req.i_cdc_reset_ctrlr.i_cdc_reset_ctrlr_half_a.i_state_transition_cdc_src.i_sync...
Checking module sync$croc_chip.i_croc_soc.i_croc.i_dmi_jtag.i_dmi_cdc.i_cdc_req.i_cdc_reset_ctrlr.i_cdc_reset_ctrlr_half_b.i_state_transition_cdc_dst.i_sync...
Checking module sync$croc_chip.i_croc_soc.i_croc.i_dmi_jtag.i_dmi_cdc.i_cdc_req.i_cdc_reset_ctrlr.i_cdc_reset_ctrlr_half_b.i_state_transition_cdc_src.i_sync...
Checking module sync$croc_chip.i_croc_soc.i_croc.i_dmi_jtag.i_dmi_cdc.i_cdc_req.i_dst.i_sync...
Checking module sync$croc_chip.i_croc_soc.i_croc.i_dmi_jtag.i_dmi_cdc.i_cdc_req.i_src.i_sync...
Checking module sync$croc_chip.i_croc_soc.i_croc.i_dmi_jtag.i_dmi_cdc.i_cdc_resp.i_cdc_reset_ctrlr.i_cdc_reset_ctrlr_half_a.i_state_transition_cdc_dst.i_sync...
Checking module sync$croc_chip.i_croc_soc.i_croc.i_dmi_jtag.i_dmi_cdc.i_cdc_resp.i_cdc_reset_ctrlr.i_cdc_reset_ctrlr_half_a.i_state_transition_cdc_src.i_sync...
Checking module sync$croc_chip.i_croc_soc.i_croc.i_dmi_jtag.i_dmi_cdc.i_cdc_resp.i_cdc_reset_ctrlr.i_cdc_reset_ctrlr_half_b.i_state_transition_cdc_dst.i_sync...
Checking module sync$croc_chip.i_croc_soc.i_croc.i_dmi_jtag.i_dmi_cdc.i_cdc_resp.i_cdc_reset_ctrlr.i_cdc_reset_ctrlr_half_b.i_state_transition_cdc_src.i_sync...
Checking module sync$croc_chip.i_croc_soc.i_croc.i_dmi_jtag.i_dmi_cdc.i_cdc_resp.i_dst.i_sync...
Checking module sync$croc_chip.i_croc_soc.i_croc.i_dmi_jtag.i_dmi_cdc.i_cdc_resp.i_src.i_sync...
Checking module sync$croc_chip.i_croc_soc.i_croc.i_gpio.gen_gpios[0].i_sync...
Checking module sync$croc_chip.i_croc_soc.i_croc.i_gpio.gen_gpios[10].i_sync...
Checking module sync$croc_chip.i_croc_soc.i_croc.i_gpio.gen_gpios[11].i_sync...
Checking module sync$croc_chip.i_croc_soc.i_croc.i_gpio.gen_gpios[12].i_sync...
Checking module sync$croc_chip.i_croc_soc.i_croc.i_gpio.gen_gpios[13].i_sync...
Checking module sync$croc_chip.i_croc_soc.i_croc.i_gpio.gen_gpios[14].i_sync...
Checking module sync$croc_chip.i_croc_soc.i_croc.i_gpio.gen_gpios[15].i_sync...
Checking module sync$croc_chip.i_croc_soc.i_croc.i_gpio.gen_gpios[16].i_sync...
Checking module sync$croc_chip.i_croc_soc.i_croc.i_gpio.gen_gpios[17].i_sync...
Checking module sync$croc_chip.i_croc_soc.i_croc.i_gpio.gen_gpios[18].i_sync...
Checking module sync$croc_chip.i_croc_soc.i_croc.i_gpio.gen_gpios[19].i_sync...
Checking module sync$croc_chip.i_croc_soc.i_croc.i_gpio.gen_gpios[1].i_sync...
Checking module sync$croc_chip.i_croc_soc.i_croc.i_gpio.gen_gpios[20].i_sync...
Checking module sync$croc_chip.i_croc_soc.i_croc.i_gpio.gen_gpios[21].i_sync...
Checking module sync$croc_chip.i_croc_soc.i_croc.i_gpio.gen_gpios[22].i_sync...
Checking module sync$croc_chip.i_croc_soc.i_croc.i_gpio.gen_gpios[23].i_sync...
Checking module sync$croc_chip.i_croc_soc.i_croc.i_gpio.gen_gpios[24].i_sync...
Checking module sync$croc_chip.i_croc_soc.i_croc.i_gpio.gen_gpios[25].i_sync...
Checking module sync$croc_chip.i_croc_soc.i_croc.i_gpio.gen_gpios[26].i_sync...
Checking module sync$croc_chip.i_croc_soc.i_croc.i_gpio.gen_gpios[27].i_sync...
Checking module sync$croc_chip.i_croc_soc.i_croc.i_gpio.gen_gpios[28].i_sync...
Checking module sync$croc_chip.i_croc_soc.i_croc.i_gpio.gen_gpios[29].i_sync...
Checking module sync$croc_chip.i_croc_soc.i_croc.i_gpio.gen_gpios[2].i_sync...
Checking module sync$croc_chip.i_croc_soc.i_croc.i_gpio.gen_gpios[30].i_sync...
Checking module sync$croc_chip.i_croc_soc.i_croc.i_gpio.gen_gpios[31].i_sync...
Checking module sync$croc_chip.i_croc_soc.i_croc.i_gpio.gen_gpios[3].i_sync...
Checking module sync$croc_chip.i_croc_soc.i_croc.i_gpio.gen_gpios[4].i_sync...
Checking module sync$croc_chip.i_croc_soc.i_croc.i_gpio.gen_gpios[5].i_sync...
Checking module sync$croc_chip.i_croc_soc.i_croc.i_gpio.gen_gpios[6].i_sync...
Checking module sync$croc_chip.i_croc_soc.i_croc.i_gpio.gen_gpios[7].i_sync...
Checking module sync$croc_chip.i_croc_soc.i_croc.i_gpio.gen_gpios[8].i_sync...
Checking module sync$croc_chip.i_croc_soc.i_croc.i_gpio.gen_gpios[9].i_sync...
Checking module sync$croc_chip.i_croc_soc.i_croc.i_uart.i_uart_modem.i_sync_cd...
Checking module sync$croc_chip.i_croc_soc.i_croc.i_uart.i_uart_modem.i_sync_cts...
Checking module sync$croc_chip.i_croc_soc.i_croc.i_uart.i_uart_modem.i_sync_dsr...
Checking module sync$croc_chip.i_croc_soc.i_croc.i_uart.i_uart_modem.i_sync_ri...
Checking module sync$croc_chip.i_croc_soc.i_croc.i_uart.i_uart_rx.i_sync...
Checking module sync$croc_chip.i_croc_soc.i_ext_intr_sync...
Checking module tc_clk_inverter$croc_chip.i_croc_soc.i_croc.i_dmi_jtag.i_dmi_jtag_tap.i_tck_inv...
Checking module tc_clk_mux2$croc_chip.i_croc_soc.i_croc.i_dmi_jtag.i_dmi_jtag_tap.i_dft_tck_mux...
Checking module tc_clk_mux2$croc_chip.i_croc_soc.i_rstgen.i_rstgen_bypass.i_tc_clk_mux2_init_no...
Checking module tc_clk_mux2$croc_chip.i_croc_soc.i_rstgen.i_rstgen_bypass.i_tc_clk_mux2_rst_n...
Checking module tc_clk_mux2$croc_chip.i_croc_soc.i_rstgen.i_rstgen_bypass.i_tc_clk_mux2_rst_no...
Checking module tc_sram_impl$croc_chip.i_croc_soc.i_croc.gen_sram_bank[0].i_sram...
Checking module tc_sram_impl$croc_chip.i_croc_soc.i_croc.gen_sram_bank[10].i_sram...
Checking module tc_sram_impl$croc_chip.i_croc_soc.i_croc.gen_sram_bank[11].i_sram...
Checking module tc_sram_impl$croc_chip.i_croc_soc.i_croc.gen_sram_bank[12].i_sram...
Checking module tc_sram_impl$croc_chip.i_croc_soc.i_croc.gen_sram_bank[13].i_sram...
Checking module tc_sram_impl$croc_chip.i_croc_soc.i_croc.gen_sram_bank[14].i_sram...
Checking module tc_sram_impl$croc_chip.i_croc_soc.i_croc.gen_sram_bank[15].i_sram...
Checking module tc_sram_impl$croc_chip.i_croc_soc.i_croc.gen_sram_bank[1].i_sram...
Checking module tc_sram_impl$croc_chip.i_croc_soc.i_croc.gen_sram_bank[2].i_sram...
Checking module tc_sram_impl$croc_chip.i_croc_soc.i_croc.gen_sram_bank[3].i_sram...
Checking module tc_sram_impl$croc_chip.i_croc_soc.i_croc.gen_sram_bank[4].i_sram...
Checking module tc_sram_impl$croc_chip.i_croc_soc.i_croc.gen_sram_bank[5].i_sram...
Checking module tc_sram_impl$croc_chip.i_croc_soc.i_croc.gen_sram_bank[6].i_sram...
Checking module tc_sram_impl$croc_chip.i_croc_soc.i_croc.gen_sram_bank[7].i_sram...
Checking module tc_sram_impl$croc_chip.i_croc_soc.i_croc.gen_sram_bank[8].i_sram...
Checking module tc_sram_impl$croc_chip.i_croc_soc.i_croc.gen_sram_bank[9].i_sram...
Checking module timer_unit$croc_chip.i_croc_soc.i_croc.i_timer...
Checking module user_domain$croc_chip.i_croc_soc.i_user...
Found and reported 0 problems.
