tc_sram_impl$croc_chip.i_croc_soc.i_croc.gen_sram_bank[0].i_sram/gen_2048x32xBx1.i_cut
tc_sram_impl$croc_chip.i_croc_soc.i_croc.gen_sram_bank[10].i_sram/gen_2048x32xBx1.i_cut
tc_sram_impl$croc_chip.i_croc_soc.i_croc.gen_sram_bank[11].i_sram/gen_2048x32xBx1.i_cut
tc_sram_impl$croc_chip.i_croc_soc.i_croc.gen_sram_bank[12].i_sram/gen_2048x32xBx1.i_cut
tc_sram_impl$croc_chip.i_croc_soc.i_croc.gen_sram_bank[13].i_sram/gen_2048x32xBx1.i_cut
tc_sram_impl$croc_chip.i_croc_soc.i_croc.gen_sram_bank[14].i_sram/gen_2048x32xBx1.i_cut
tc_sram_impl$croc_chip.i_croc_soc.i_croc.gen_sram_bank[15].i_sram/gen_2048x32xBx1.i_cut
tc_sram_impl$croc_chip.i_croc_soc.i_croc.gen_sram_bank[1].i_sram/gen_2048x32xBx1.i_cut
tc_sram_impl$croc_chip.i_croc_soc.i_croc.gen_sram_bank[2].i_sram/gen_2048x32xBx1.i_cut
tc_sram_impl$croc_chip.i_croc_soc.i_croc.gen_sram_bank[3].i_sram/gen_2048x32xBx1.i_cut
tc_sram_impl$croc_chip.i_croc_soc.i_croc.gen_sram_bank[4].i_sram/gen_2048x32xBx1.i_cut
tc_sram_impl$croc_chip.i_croc_soc.i_croc.gen_sram_bank[5].i_sram/gen_2048x32xBx1.i_cut
tc_sram_impl$croc_chip.i_croc_soc.i_croc.gen_sram_bank[6].i_sram/gen_2048x32xBx1.i_cut
tc_sram_impl$croc_chip.i_croc_soc.i_croc.gen_sram_bank[7].i_sram/gen_2048x32xBx1.i_cut
tc_sram_impl$croc_chip.i_croc_soc.i_croc.gen_sram_bank[8].i_sram/gen_2048x32xBx1.i_cut
tc_sram_impl$croc_chip.i_croc_soc.i_croc.gen_sram_bank[9].i_sram/gen_2048x32xBx1.i_cut
croc_soc$croc_chip.i_croc_soc/i_rstgen.i_rstgen_bypass.i_tc_clk_mux2_init_no
croc_soc$croc_chip.i_croc_soc/i_rstgen.i_rstgen_bypass.i_tc_clk_mux2_rst_n
croc_soc$croc_chip.i_croc_soc/i_rstgen.i_rstgen_bypass.i_tc_clk_mux2_rst_no
dmi_jtag$croc_chip.i_croc_soc.i_croc.i_dmi_jtag/i_dmi_jtag_tap.i_dft_tck_mux
dmi_jtag$croc_chip.i_croc_soc.i_croc.i_dmi_jtag/i_dmi_jtag_tap.i_tck_inv
